<testsuites id="" name="" tests="1" failures="0" skipped="0" errors="0" time="11.10086">
<testsuite name="practice_tabs.spec.ts" timestamp="2026-08-21T15:17:31.402Z" hostname="" tests="1" failures="0" skipped="0" time="10.714" errors="0">
<testcase name="tabs " classname="practice_tabs.spec.ts" time="10.714">
<system-out>
<![CDATA[New Tab Title: SDET-QA Blog
]]>
</system-out>
</testcase>
</testsuite>
</testsuites>